9
2967 1 37
3258 1 158
3323 2 25 38
4058 1 687
12310 1 67
12655 1 1033
12772 1 507
13749 1 1459
16153 2 48 216